Release 14.7 Map P.20131013 (nt64)
Xilinx Map Application Log File for Design 'top_termometer'

Design Information
------------------
Command Line   : map -intstyle ise -p xc7a100tl-csg324-2L -w -logic_opt off -ol
high -t 1 -xt 0 -register_duplication off -r 4 -mt off -ir off -pr off -lc off
-power off -o top_termometer_map.ncd top_termometer.ngd top_termometer.pcf 
Target Device  : xc7a100tl
Target Package : csg324
Target Speed   : -2l
Mapper Version : artix7l -- $Revision: 1.55 $
Mapped Date    : Thu Nov 28 10:44:56 2019

WARNING:LIT:701 - PAD symbol "tmp_sensor" has an undefined IOSTANDARD.
WARNING:LIT:702 - PAD symbol "tmp_sensor" is not constrained (LOC) to a specific
   location.
Mapping design into LUTs...
ERROR:MapLib:979 - LUT3 symbol
   "comparison_block/comp/Mcompar_a[8]_b[8]_LessThan_1_o_cy<4>" (output
   signal=comparison_block/comp/a[8]_b[8]_LessThan_1_o) has input signal
   "comparison_block/curr_tmp_reg/data_out<8>" which will be trimmed. See
   Section 5 of the Map Report File for details about why the input signal will
   become undriven.
ERROR:MapLib:979 - LUT4 symbol
   "comparison_block/comp/Mcompar_a[8]_b[8]_LessThan_1_o_lut<0>" (output
   signal=comparison_block/comp/Mcompar_a[8]_b[8]_LessThan_1_o_lut<0>) has input
   signal "comparison_block/curr_tmp_reg/data_out<0>" which will be trimmed. See
   Section 5 of the Map Report File for details about why the input signal will
   become undriven.
ERROR:MapLib:979 - LUT4 symbol
   "comparison_block/comp/Mcompar_a[8]_b[8]_LessThan_1_o_lut<0>" (output
   signal=comparison_block/comp/Mcompar_a[8]_b[8]_LessThan_1_o_lut<0>) has input
   signal "comparison_block/curr_tmp_reg/data_out<1>" which will be trimmed. See
   Section 5 of the Map Report File for details about why the input signal will
   become undriven.
ERROR:MapLib:979 - LUT4 symbol
   "comparison_block/comp/Mcompar_a[8]_b[8]_LessThan_1_o_lut<1>" (output
   signal=comparison_block/comp/Mcompar_a[8]_b[8]_LessThan_1_o_lut<1>) has input
   signal "comparison_block/curr_tmp_reg/data_out<2>" which will be trimmed. See
   Section 5 of the Map Report File for details about why the input signal will
   become undriven.
ERROR:MapLib:979 - LUT4 symbol
   "comparison_block/comp/Mcompar_a[8]_b[8]_LessThan_1_o_lut<1>" (output
   signal=comparison_block/comp/Mcompar_a[8]_b[8]_LessThan_1_o_lut<1>) has input
   signal "comparison_block/curr_tmp_reg/data_out<3>" which will be trimmed. See
   Section 5 of the Map Report File for details about why the input signal will
   become undriven.
ERROR:MapLib:979 - LUT4 symbol
   "comparison_block/comp/Mcompar_a[8]_b[8]_LessThan_1_o_lut<2>" (output
   signal=comparison_block/comp/Mcompar_a[8]_b[8]_LessThan_1_o_lut<2>) has input
   signal "comparison_block/curr_tmp_reg/data_out<4>" which will be trimmed. See
   Section 5 of the Map Report File for details about why the input signal will
   become undriven.
ERROR:MapLib:979 - LUT4 symbol
   "comparison_block/comp/Mcompar_a[8]_b[8]_LessThan_1_o_lut<2>" (output
   signal=comparison_block/comp/Mcompar_a[8]_b[8]_LessThan_1_o_lut<2>) has input
   signal "comparison_block/curr_tmp_reg/data_out<5>" which will be trimmed. See
   Section 5 of the Map Report File for details about why the input signal will
   become undriven.
ERROR:MapLib:979 - LUT4 symbol
   "comparison_block/comp/Mcompar_a[8]_b[8]_LessThan_1_o_lut<3>" (output
   signal=comparison_block/comp/Mcompar_a[8]_b[8]_LessThan_1_o_lut<3>) has input
   signal "comparison_block/curr_tmp_reg/data_out<6>" which will be trimmed. See
   Section 5 of the Map Report File for details about why the input signal will
   become undriven.
ERROR:MapLib:979 - LUT4 symbol
   "comparison_block/comp/Mcompar_a[8]_b[8]_LessThan_1_o_lut<3>" (output
   signal=comparison_block/comp/Mcompar_a[8]_b[8]_LessThan_1_o_lut<3>) has input
   signal "comparison_block/curr_tmp_reg/data_out<7>" which will be trimmed. See
   Section 5 of the Map Report File for details about why the input signal will
   become undriven.
ERROR:MapLib:979 - LUT4 symbol
   "comparison_block/comp/Mcompar_a[8]_b[8]_LessThan_1_o_lutdi" (output
   signal=comparison_block/comp/Mcompar_a[8]_b[8]_LessThan_1_o_lutdi) has input
   signal "comparison_block/curr_tmp_reg/data_out<1>" which will be trimmed. See
   Section 5 of the Map Report File for details about why the input signal will
   become undriven.
ERROR:MapLib:979 - LUT4 symbol
   "comparison_block/comp/Mcompar_a[8]_b[8]_LessThan_1_o_lutdi" (output
   signal=comparison_block/comp/Mcompar_a[8]_b[8]_LessThan_1_o_lutdi) has input
   signal "comparison_block/curr_tmp_reg/data_out<0>" which will be trimmed. See
   Section 5 of the Map Report File for details about why the input signal will
   become undriven.
ERROR:MapLib:979 - LUT4 symbol
   "comparison_block/comp/Mcompar_a[8]_b[8]_LessThan_1_o_lutdi1" (output
   signal=comparison_block/comp/Mcompar_a[8]_b[8]_LessThan_1_o_lutdi1) has input
   signal "comparison_block/curr_tmp_reg/data_out<3>" which will be trimmed. See
   Section 5 of the Map Report File for details about why the input signal will
   become undriven.
ERROR:MapLib:979 - LUT4 symbol
   "comparison_block/comp/Mcompar_a[8]_b[8]_LessThan_1_o_lutdi1" (output
   signal=comparison_block/comp/Mcompar_a[8]_b[8]_LessThan_1_o_lutdi1) has input
   signal "comparison_block/curr_tmp_reg/data_out<2>" which will be trimmed. See
   Section 5 of the Map Report File for details about why the input signal will
   become undriven.
ERROR:MapLib:979 - LUT4 symbol
   "comparison_block/comp/Mcompar_a[8]_b[8]_LessThan_1_o_lutdi2" (output
   signal=comparison_block/comp/Mcompar_a[8]_b[8]_LessThan_1_o_lutdi2) has input
   signal "comparison_block/curr_tmp_reg/data_out<5>" which will be trimmed. See
   Section 5 of the Map Report File for details about why the input signal will
   become undriven.
ERROR:MapLib:979 - LUT4 symbol
   "comparison_block/comp/Mcompar_a[8]_b[8]_LessThan_1_o_lutdi2" (output
   signal=comparison_block/comp/Mcompar_a[8]_b[8]_LessThan_1_o_lutdi2) has input
   signal "comparison_block/curr_tmp_reg/data_out<4>" which will be trimmed. See
   Section 5 of the Map Report File for details about why the input signal will
   become undriven.
ERROR:MapLib:979 - LUT4 symbol
   "comparison_block/comp/Mcompar_a[8]_b[8]_LessThan_1_o_lutdi3" (output
   signal=comparison_block/comp/Mcompar_a[8]_b[8]_LessThan_1_o_lutdi3) has input
   signal "comparison_block/curr_tmp_reg/data_out<7>" which will be trimmed. See
   Section 5 of the Map Report File for details about why the input signal will
   become undriven.
ERROR:MapLib:979 - LUT4 symbol
   "comparison_block/comp/Mcompar_a[8]_b[8]_LessThan_1_o_lutdi3" (output
   signal=comparison_block/comp/Mcompar_a[8]_b[8]_LessThan_1_o_lutdi3) has input
   signal "comparison_block/curr_tmp_reg/data_out<6>" which will be trimmed. See
   Section 5 of the Map Report File for details about why the input signal will
   become undriven.
ERROR:MapLib:979 - LUT4 symbol "comparison_block/mux_4/Mmux_y11" (output
   signal=comparison_block/data_in_min_outd<0>) has input signal
   "comparison_block/curr_tmp_reg/data_out<0>" which will be trimmed. See
   Section 5 of the Map Report File for details about why the input signal will
   become undriven.
ERROR:MapLib:979 - LUT4 symbol "comparison_block/mux_4/Mmux_y21" (output
   signal=comparison_block/data_in_min_outd<1>) has input signal
   "comparison_block/curr_tmp_reg/data_out<1>" which will be trimmed. See
   Section 5 of the Map Report File for details about why the input signal will
   become undriven.
ERROR:MapLib:979 - LUT4 symbol "comparison_block/mux_4/Mmux_y31" (output
   signal=comparison_block/data_in_min_outd<2>) has input signal
   "comparison_block/curr_tmp_reg/data_out<2>" which will be trimmed. See
   Section 5 of the Map Report File for details about why the input signal will
   become undriven.
ERROR:MapLib:979 - LUT4 symbol "comparison_block/mux_4/Mmux_y41" (output
   signal=comparison_block/data_in_min_outd<3>) has input signal
   "comparison_block/curr_tmp_reg/data_out<3>" which will be trimmed. See
   Section 5 of the Map Report File for details about why the input signal will
   become undriven.
ERROR:MapLib:979 - LUT4 symbol "comparison_block/mux_4/Mmux_y51" (output
   signal=comparison_block/data_in_min_outd<4>) has input signal
   "comparison_block/curr_tmp_reg/data_out<4>" which will be trimmed. See
   Section 5 of the Map Report File for details about why the input signal will
   become undriven.
ERROR:MapLib:979 - LUT4 symbol "comparison_block/mux_4/Mmux_y61" (output
   signal=comparison_block/data_in_min_outd<5>) has input signal
   "comparison_block/curr_tmp_reg/data_out<5>" which will be trimmed. See
   Section 5 of the Map Report File for details about why the input signal will
   become undriven.
ERROR:MapLib:979 - LUT4 symbol "comparison_block/mux_4/Mmux_y71" (output
   signal=comparison_block/data_in_min_outd<6>) has input signal
   "comparison_block/curr_tmp_reg/data_out<6>" which will be trimmed. See
   Section 5 of the Map Report File for details about why the input signal will
   become undriven.
ERROR:MapLib:979 - LUT4 symbol "comparison_block/mux_4/Mmux_y81" (output
   signal=comparison_block/data_in_min_outd<7>) has input signal
   "comparison_block/curr_tmp_reg/data_out<7>" which will be trimmed. See
   Section 5 of the Map Report File for details about why the input signal will
   become undriven.
ERROR:MapLib:979 - LUT4 symbol "comparison_block/mux_4/Mmux_y91" (output
   signal=comparison_block/data_in_min_outd<8>) has input signal
   "comparison_block/curr_tmp_reg/data_out<8>" which will be trimmed. See
   Section 5 of the Map Report File for details about why the input signal will
   become undriven.
ERROR:MapLib:979 - LUT4 symbol "comparison_block/mux_5/Mmux_y11" (output
   signal=comparison_block/data_in_max_outd<0>) has input signal
   "comparison_block/curr_tmp_reg/data_out<0>" which will be trimmed. See
   Section 5 of the Map Report File for details about why the input signal will
   become undriven.
ERROR:MapLib:979 - LUT4 symbol "comparison_block/mux_5/Mmux_y21" (output
   signal=comparison_block/data_in_max_outd<1>) has input signal
   "comparison_block/curr_tmp_reg/data_out<1>" which will be trimmed. See
   Section 5 of the Map Report File for details about why the input signal will
   become undriven.
ERROR:MapLib:979 - LUT4 symbol "comparison_block/mux_5/Mmux_y31" (output
   signal=comparison_block/data_in_max_outd<2>) has input signal
   "comparison_block/curr_tmp_reg/data_out<2>" which will be trimmed. See
   Section 5 of the Map Report File for details about why the input signal will
   become undriven.
ERROR:MapLib:979 - LUT4 symbol "comparison_block/mux_5/Mmux_y41" (output
   signal=comparison_block/data_in_max_outd<3>) has input signal
   "comparison_block/curr_tmp_reg/data_out<3>" which will be trimmed. See
   Section 5 of the Map Report File for details about why the input signal will
   become undriven.
ERROR:MapLib:979 - LUT4 symbol "comparison_block/mux_5/Mmux_y51" (output
   signal=comparison_block/data_in_max_outd<4>) has input signal
   "comparison_block/curr_tmp_reg/data_out<4>" which will be trimmed. See
   Section 5 of the Map Report File for details about why the input signal will
   become undriven.
ERROR:MapLib:979 - LUT4 symbol "comparison_block/mux_5/Mmux_y61" (output
   signal=comparison_block/data_in_max_outd<5>) has input signal
   "comparison_block/curr_tmp_reg/data_out<5>" which will be trimmed. See
   Section 5 of the Map Report File for details about why the input signal will
   become undriven.
ERROR:MapLib:979 - LUT4 symbol "comparison_block/mux_5/Mmux_y71" (output
   signal=comparison_block/data_in_max_outd<6>) has input signal
   "comparison_block/curr_tmp_reg/data_out<6>" which will be trimmed. See
   Section 5 of the Map Report File for details about why the input signal will
   become undriven.
ERROR:MapLib:979 - LUT4 symbol "comparison_block/mux_5/Mmux_y81" (output
   signal=comparison_block/data_in_max_outd<7>) has input signal
   "comparison_block/curr_tmp_reg/data_out<7>" which will be trimmed. See
   Section 5 of the Map Report File for details about why the input signal will
   become undriven.
ERROR:MapLib:979 - LUT4 symbol "comparison_block/mux_5/Mmux_y91" (output
   signal=comparison_block/data_in_max_outd<8>) has input signal
   "comparison_block/curr_tmp_reg/data_out<8>" which will be trimmed. See
   Section 5 of the Map Report File for details about why the input signal will
   become undriven.
ERROR:MapLib:979 - LUT4 symbol "comparison_block/mux_6/Mmux_y11" (output
   signal=comparison_block/data_in_max_ind<0>) has input signal
   "comparison_block/curr_tmp_reg/data_out<0>" which will be trimmed. See
   Section 5 of the Map Report File for details about why the input signal will
   become undriven.
ERROR:MapLib:979 - LUT4 symbol "comparison_block/mux_6/Mmux_y21" (output
   signal=comparison_block/data_in_max_ind<1>) has input signal
   "comparison_block/curr_tmp_reg/data_out<1>" which will be trimmed. See
   Section 5 of the Map Report File for details about why the input signal will
   become undriven.
ERROR:MapLib:979 - LUT4 symbol "comparison_block/mux_6/Mmux_y31" (output
   signal=comparison_block/data_in_max_ind<2>) has input signal
   "comparison_block/curr_tmp_reg/data_out<2>" which will be trimmed. See
   Section 5 of the Map Report File for details about why the input signal will
   become undriven.
ERROR:MapLib:979 - LUT4 symbol "comparison_block/mux_6/Mmux_y41" (output
   signal=comparison_block/data_in_max_ind<3>) has input signal
   "comparison_block/curr_tmp_reg/data_out<3>" which will be trimmed. See
   Section 5 of the Map Report File for details about why the input signal will
   become undriven.
ERROR:MapLib:979 - LUT4 symbol "comparison_block/mux_6/Mmux_y51" (output
   signal=comparison_block/data_in_max_ind<4>) has input signal
   "comparison_block/curr_tmp_reg/data_out<4>" which will be trimmed. See
   Section 5 of the Map Report File for details about why the input signal will
   become undriven.
ERROR:MapLib:979 - LUT4 symbol "comparison_block/mux_6/Mmux_y61" (output
   signal=comparison_block/data_in_max_ind<5>) has input signal
   "comparison_block/curr_tmp_reg/data_out<5>" which will be trimmed. See
   Section 5 of the Map Report File for details about why the input signal will
   become undriven.
ERROR:MapLib:979 - LUT4 symbol "comparison_block/mux_6/Mmux_y71" (output
   signal=comparison_block/data_in_max_ind<6>) has input signal
   "comparison_block/curr_tmp_reg/data_out<6>" which will be trimmed. See
   Section 5 of the Map Report File for details about why the input signal will
   become undriven.
ERROR:MapLib:979 - LUT4 symbol "comparison_block/mux_6/Mmux_y81" (output
   signal=comparison_block/data_in_max_ind<7>) has input signal
   "comparison_block/curr_tmp_reg/data_out<7>" which will be trimmed. See
   Section 5 of the Map Report File for details about why the input signal will
   become undriven.
ERROR:MapLib:979 - LUT4 symbol "comparison_block/mux_6/Mmux_y91" (output
   signal=comparison_block/data_in_max_ind<8>) has input signal
   "comparison_block/curr_tmp_reg/data_out<8>" which will be trimmed. See
   Section 5 of the Map Report File for details about why the input signal will
   become undriven.
ERROR:MapLib:979 - LUT4 symbol "comparison_block/mux_7/Mmux_y11" (output
   signal=comparison_block/data_in_min_ind<0>) has input signal
   "comparison_block/curr_tmp_reg/data_out<0>" which will be trimmed. See
   Section 5 of the Map Report File for details about why the input signal will
   become undriven.
ERROR:MapLib:979 - LUT4 symbol "comparison_block/mux_7/Mmux_y21" (output
   signal=comparison_block/data_in_min_ind<1>) has input signal
   "comparison_block/curr_tmp_reg/data_out<1>" which will be trimmed. See
   Section 5 of the Map Report File for details about why the input signal will
   become undriven.
ERROR:MapLib:979 - LUT4 symbol "comparison_block/mux_7/Mmux_y31" (output
   signal=comparison_block/data_in_min_ind<2>) has input signal
   "comparison_block/curr_tmp_reg/data_out<2>" which will be trimmed. See
   Section 5 of the Map Report File for details about why the input signal will
   become undriven.
ERROR:MapLib:979 - LUT4 symbol "comparison_block/mux_7/Mmux_y41" (output
   signal=comparison_block/data_in_min_ind<3>) has input signal
   "comparison_block/curr_tmp_reg/data_out<3>" which will be trimmed. See
   Section 5 of the Map Report File for details about why the input signal will
   become undriven.
ERROR:MapLib:979 - LUT4 symbol "comparison_block/mux_7/Mmux_y51" (output
   signal=comparison_block/data_in_min_ind<4>) has input signal
   "comparison_block/curr_tmp_reg/data_out<4>" which will be trimmed. See
   Section 5 of the Map Report File for details about why the input signal will
   become undriven.
ERROR:MapLib:979 - LUT4 symbol "comparison_block/mux_7/Mmux_y61" (output
   signal=comparison_block/data_in_min_ind<5>) has input signal
   "comparison_block/curr_tmp_reg/data_out<5>" which will be trimmed. See
   Section 5 of the Map Report File for details about why the input signal will
   become undriven.
ERROR:MapLib:979 - LUT4 symbol "comparison_block/mux_7/Mmux_y71" (output
   signal=comparison_block/data_in_min_ind<6>) has input signal
   "comparison_block/curr_tmp_reg/data_out<6>" which will be trimmed. See
   Section 5 of the Map Report File for details about why the input signal will
   become undriven.
ERROR:MapLib:979 - LUT4 symbol "comparison_block/mux_7/Mmux_y81" (output
   signal=comparison_block/data_in_min_ind<7>) has input signal
   "comparison_block/curr_tmp_reg/data_out<7>" which will be trimmed. See
   Section 5 of the Map Report File for details about why the input signal will
   become undriven.
ERROR:MapLib:979 - LUT4 symbol "comparison_block/mux_7/Mmux_y91" (output
   signal=comparison_block/data_in_min_ind<8>) has input signal
   "comparison_block/curr_tmp_reg/data_out<8>" which will be trimmed. See
   Section 5 of the Map Report File for details about why the input signal will
   become undriven.
ERROR:MapLib:979 - LUT6 symbol "comparison_block/mux_out/Mmux_y12_F" (output
   signal=N144) has input signal "comparison_block/curr_tmp_reg/data_out<0>"
   which will be trimmed. See Section 5 of the Map Report File for details about
   why the input signal will become undriven.
ERROR:MapLib:979 - LUT6 symbol "comparison_block/mux_out/Mmux_y12_G" (output
   signal=N145) has input signal "comparison_block/curr_tmp_reg/data_out<0>"
   which will be trimmed. See Section 5 of the Map Report File for details about
   why the input signal will become undriven.
ERROR:MapLib:979 - LUT6 symbol "comparison_block/mux_out/Mmux_y23" (output
   signal=data_from_comparison<1>) has input signal
   "comparison_block/curr_tmp_reg/data_out<1>" which will be trimmed. See
   Section 5 of the Map Report File for details about why the input signal will
   become undriven.
ERROR:MapLib:979 - LUT6 symbol "comparison_block/mux_out/Mmux_y33" (output
   signal=data_from_comparison<2>) has input signal
   "comparison_block/curr_tmp_reg/data_out<2>" which will be trimmed. See
   Section 5 of the Map Report File for details about why the input signal will
   become undriven.
ERROR:MapLib:979 - LUT6 symbol "comparison_block/mux_out/Mmux_y43" (output
   signal=data_from_comparison<3>) has input signal
   "comparison_block/curr_tmp_reg/data_out<3>" which will be trimmed. See
   Section 5 of the Map Report File for details about why the input signal will
   become undriven.
ERROR:MapLib:979 - LUT6 symbol "comparison_block/mux_out/Mmux_y53" (output
   signal=data_from_comparison<4>) has input signal
   "comparison_block/curr_tmp_reg/data_out<4>" which will be trimmed. See
   Section 5 of the Map Report File for details about why the input signal will
   become undriven.
ERROR:MapLib:979 - LUT6 symbol "comparison_block/mux_out/Mmux_y63" (output
   signal=data_from_comparison<5>) has input signal
   "comparison_block/curr_tmp_reg/data_out<5>" which will be trimmed. See
   Section 5 of the Map Report File for details about why the input signal will
   become undriven.
ERROR:MapLib:979 - LUT6 symbol "comparison_block/mux_out/Mmux_y73" (output
   signal=data_from_comparison<6>) has input signal
   "comparison_block/curr_tmp_reg/data_out<6>" which will be trimmed. See
   Section 5 of the Map Report File for details about why the input signal will
   become undriven.
ERROR:MapLib:979 - LUT6 symbol "comparison_block/mux_out/Mmux_y83" (output
   signal=data_from_comparison<7>) has input signal
   "comparison_block/curr_tmp_reg/data_out<7>" which will be trimmed. See
   Section 5 of the Map Report File for details about why the input signal will
   become undriven.
ERROR:MapLib:979 - LUT6 symbol "comparison_block/mux_out/Mmux_y93" (output
   signal=data_from_comparison<8>) has input signal
   "comparison_block/curr_tmp_reg/data_out<8>" which will be trimmed. See
   Section 5 of the Map Report File for details about why the input signal will
   become undriven.
ERROR:MapLib:979 - LUT5 symbol "cu/curr_state_FSM_FFd1-In1" (output
   signal=cu/curr_state_FSM_FFd1-In) has input signal
   "interface_tmp_sensor/led1" which will be trimmed. See Section 5 of the Map
   Report File for details about why the input signal will become undriven.
ERROR:MapLib:979 - LUT6 symbol "cu/curr_state_FSM_FFd2-In1" (output
   signal=cu/curr_state_FSM_FFd2-In) has input signal
   "interface_tmp_sensor/led1" which will be trimmed. See Section 5 of the Map
   Report File for details about why the input signal will become undriven.
ERROR:MapLib:979 - LUT6 symbol "cu/curr_state_FSM_FFd3-In2" (output
   signal=cu/curr_state_FSM_FFd3-In) has input signal
   "interface_tmp_sensor/led1" which will be trimmed. See Section 5 of the Map
   Report File for details about why the input signal will become undriven.
WARNING:MapLib:701 - Signal tmp_sensor connected to top level port tmp_sensor
   has been removed.
ERROR:MapLib:978 - LUT3 symbol
   "comparison_block/comp/Mcompar_a[8]_b[8]_LessThan_1_o_cy<4>" (output
   signal=comparison_block/comp/a[8]_b[8]_LessThan_1_o) has an equation that
   uses input pin I2, which no longer has a connected signal. Please ensure that
   all the pins used in the equation for this LUT have signals that are not
   trimmed (see Section 5 of the Map Report File for details on which signals
   were trimmed).
ERROR:MapLib:978 - LUT4 symbol
   "comparison_block/comp/Mcompar_a[8]_b[8]_LessThan_1_o_lut<0>" (output
   signal=comparison_block/comp/Mcompar_a[8]_b[8]_LessThan_1_o_lut<0>) has an
   equation that uses input pin I1, which no longer has a connected signal.
   Please ensure that all the pins used in the equation for this LUT have
   signals that are not trimmed (see Section 5 of the Map Report File for
   details on which signals were trimmed).
ERROR:MapLib:978 - LUT4 symbol
   "comparison_block/comp/Mcompar_a[8]_b[8]_LessThan_1_o_lut<0>" (output
   signal=comparison_block/comp/Mcompar_a[8]_b[8]_LessThan_1_o_lut<0>) has an
   equation that uses input pin I3, which no longer has a connected signal.
   Please ensure that all the pins used in the equation for this LUT have
   signals that are not trimmed (see Section 5 of the Map Report File for
   details on which signals were trimmed).
ERROR:MapLib:978 - LUT4 symbol
   "comparison_block/comp/Mcompar_a[8]_b[8]_LessThan_1_o_lut<1>" (output
   signal=comparison_block/comp/Mcompar_a[8]_b[8]_LessThan_1_o_lut<1>) has an
   equation that uses input pin I1, which no longer has a connected signal.
   Please ensure that all the pins used in the equation for this LUT have
   signals that are not trimmed (see Section 5 of the Map Report File for
   details on which signals were trimmed).
ERROR:MapLib:978 - LUT4 symbol
   "comparison_block/comp/Mcompar_a[8]_b[8]_LessThan_1_o_lut<1>" (output
   signal=comparison_block/comp/Mcompar_a[8]_b[8]_LessThan_1_o_lut<1>) has an
   equation that uses input pin I3, which no longer has a connected signal.
   Please ensure that all the pins used in the equation for this LUT have
   signals that are not trimmed (see Section 5 of the Map Report File for
   details on which signals were trimmed).
ERROR:MapLib:978 - LUT4 symbol
   "comparison_block/comp/Mcompar_a[8]_b[8]_LessThan_1_o_lut<2>" (output
   signal=comparison_block/comp/Mcompar_a[8]_b[8]_LessThan_1_o_lut<2>) has an
   equation that uses input pin I1, which no longer has a connected signal.
   Please ensure that all the pins used in the equation for this LUT have
   signals that are not trimmed (see Section 5 of the Map Report File for
   details on which signals were trimmed).
ERROR:MapLib:978 - LUT4 symbol
   "comparison_block/comp/Mcompar_a[8]_b[8]_LessThan_1_o_lut<2>" (output
   signal=comparison_block/comp/Mcompar_a[8]_b[8]_LessThan_1_o_lut<2>) has an
   equation that uses input pin I3, which no longer has a connected signal.
   Please ensure that all the pins used in the equation for this LUT have
   signals that are not trimmed (see Section 5 of the Map Report File for
   details on which signals were trimmed).
ERROR:MapLib:978 - LUT4 symbol
   "comparison_block/comp/Mcompar_a[8]_b[8]_LessThan_1_o_lut<3>" (output
   signal=comparison_block/comp/Mcompar_a[8]_b[8]_LessThan_1_o_lut<3>) has an
   equation that uses input pin I1, which no longer has a connected signal.
   Please ensure that all the pins used in the equation for this LUT have
   signals that are not trimmed (see Section 5 of the Map Report File for
   details on which signals were trimmed).
ERROR:MapLib:978 - LUT4 symbol
   "comparison_block/comp/Mcompar_a[8]_b[8]_LessThan_1_o_lut<3>" (output
   signal=comparison_block/comp/Mcompar_a[8]_b[8]_LessThan_1_o_lut<3>) has an
   equation that uses input pin I3, which no longer has a connected signal.
   Please ensure that all the pins used in the equation for this LUT have
   signals that are not trimmed (see Section 5 of the Map Report File for
   details on which signals were trimmed).
ERROR:MapLib:978 - LUT4 symbol
   "comparison_block/comp/Mcompar_a[8]_b[8]_LessThan_1_o_lutdi" (output
   signal=comparison_block/comp/Mcompar_a[8]_b[8]_LessThan_1_o_lutdi) has an
   equation that uses input pin I0, which no longer has a connected signal.
   Please ensure that all the pins used in the equation for this LUT have
   signals that are not trimmed (see Section 5 of the Map Report File for
   details on which signals were trimmed).
ERROR:MapLib:978 - LUT4 symbol
   "comparison_block/comp/Mcompar_a[8]_b[8]_LessThan_1_o_lutdi" (output
   signal=comparison_block/comp/Mcompar_a[8]_b[8]_LessThan_1_o_lutdi) has an
   equation that uses input pin I1, which no longer has a connected signal.
   Please ensure that all the pins used in the equation for this LUT have
   signals that are not trimmed (see Section 5 of the Map Report File for
   details on which signals were trimmed).
ERROR:MapLib:978 - LUT4 symbol
   "comparison_block/comp/Mcompar_a[8]_b[8]_LessThan_1_o_lutdi1" (output
   signal=comparison_block/comp/Mcompar_a[8]_b[8]_LessThan_1_o_lutdi1) has an
   equation that uses input pin I0, which no longer has a connected signal.
   Please ensure that all the pins used in the equation for this LUT have
   signals that are not trimmed (see Section 5 of the Map Report File for
   details on which signals were trimmed).
ERROR:MapLib:978 - LUT4 symbol
   "comparison_block/comp/Mcompar_a[8]_b[8]_LessThan_1_o_lutdi1" (output
   signal=comparison_block/comp/Mcompar_a[8]_b[8]_LessThan_1_o_lutdi1) has an
   equation that uses input pin I1, which no longer has a connected signal.
   Please ensure that all the pins used in the equation for this LUT have
   signals that are not trimmed (see Section 5 of the Map Report File for
   details on which signals were trimmed).
ERROR:MapLib:978 - LUT4 symbol
   "comparison_block/comp/Mcompar_a[8]_b[8]_LessThan_1_o_lutdi2" (output
   signal=comparison_block/comp/Mcompar_a[8]_b[8]_LessThan_1_o_lutdi2) has an
   equation that uses input pin I0, which no longer has a connected signal.
   Please ensure that all the pins used in the equation for this LUT have
   signals that are not trimmed (see Section 5 of the Map Report File for
   details on which signals were trimmed).
ERROR:MapLib:978 - LUT4 symbol
   "comparison_block/comp/Mcompar_a[8]_b[8]_LessThan_1_o_lutdi2" (output
   signal=comparison_block/comp/Mcompar_a[8]_b[8]_LessThan_1_o_lutdi2) has an
   equation that uses input pin I1, which no longer has a connected signal.
   Please ensure that all the pins used in the equation for this LUT have
   signals that are not trimmed (see Section 5 of the Map Report File for
   details on which signals were trimmed).
ERROR:MapLib:978 - LUT4 symbol
   "comparison_block/comp/Mcompar_a[8]_b[8]_LessThan_1_o_lutdi3" (output
   signal=comparison_block/comp/Mcompar_a[8]_b[8]_LessThan_1_o_lutdi3) has an
   equation that uses input pin I0, which no longer has a connected signal.
   Please ensure that all the pins used in the equation for this LUT have
   signals that are not trimmed (see Section 5 of the Map Report File for
   details on which signals were trimmed).
ERROR:MapLib:978 - LUT4 symbol
   "comparison_block/comp/Mcompar_a[8]_b[8]_LessThan_1_o_lutdi3" (output
   signal=comparison_block/comp/Mcompar_a[8]_b[8]_LessThan_1_o_lutdi3) has an
   equation that uses input pin I1, which no longer has a connected signal.
   Please ensure that all the pins used in the equation for this LUT have
   signals that are not trimmed (see Section 5 of the Map Report File for
   details on which signals were trimmed).
ERROR:MapLib:978 - LUT4 symbol "comparison_block/mux_4/Mmux_y11" (output
   signal=comparison_block/data_in_min_outd<0>) has an equation that uses input
   pin I3, which no longer has a connected signal. Please ensure that all the
   pins used in the equation for this LUT have signals that are not trimmed (see
   Section 5 of the Map Report File for details on which signals were trimmed).
ERROR:MapLib:978 - LUT4 symbol "comparison_block/mux_4/Mmux_y21" (output
   signal=comparison_block/data_in_min_outd<1>) has an equation that uses input
   pin I3, which no longer has a connected signal. Please ensure that all the
   pins used in the equation for this LUT have signals that are not trimmed (see
   Section 5 of the Map Report File for details on which signals were trimmed).
ERROR:MapLib:978 - LUT4 symbol "comparison_block/mux_4/Mmux_y31" (output
   signal=comparison_block/data_in_min_outd<2>) has an equation that uses input
   pin I3, which no longer has a connected signal. Please ensure that all the
   pins used in the equation for this LUT have signals that are not trimmed (see
   Section 5 of the Map Report File for details on which signals were trimmed).
ERROR:MapLib:978 - LUT4 symbol "comparison_block/mux_4/Mmux_y41" (output
   signal=comparison_block/data_in_min_outd<3>) has an equation that uses input
   pin I3, which no longer has a connected signal. Please ensure that all the
   pins used in the equation for this LUT have signals that are not trimmed (see
   Section 5 of the Map Report File for details on which signals were trimmed).
ERROR:MapLib:978 - LUT4 symbol "comparison_block/mux_4/Mmux_y51" (output
   signal=comparison_block/data_in_min_outd<4>) has an equation that uses input
   pin I3, which no longer has a connected signal. Please ensure that all the
   pins used in the equation for this LUT have signals that are not trimmed (see
   Section 5 of the Map Report File for details on which signals were trimmed).
ERROR:MapLib:978 - LUT4 symbol "comparison_block/mux_4/Mmux_y61" (output
   signal=comparison_block/data_in_min_outd<5>) has an equation that uses input
   pin I3, which no longer has a connected signal. Please ensure that all the
   pins used in the equation for this LUT have signals that are not trimmed (see
   Section 5 of the Map Report File for details on which signals were trimmed).
ERROR:MapLib:978 - LUT4 symbol "comparison_block/mux_4/Mmux_y71" (output
   signal=comparison_block/data_in_min_outd<6>) has an equation that uses input
   pin I3, which no longer has a connected signal. Please ensure that all the
   pins used in the equation for this LUT have signals that are not trimmed (see
   Section 5 of the Map Report File for details on which signals were trimmed).
ERROR:MapLib:978 - LUT4 symbol "comparison_block/mux_4/Mmux_y81" (output
   signal=comparison_block/data_in_min_outd<7>) has an equation that uses input
   pin I3, which no longer has a connected signal. Please ensure that all the
   pins used in the equation for this LUT have signals that are not trimmed (see
   Section 5 of the Map Report File for details on which signals were trimmed).
ERROR:MapLib:978 - LUT4 symbol "comparison_block/mux_4/Mmux_y91" (output
   signal=comparison_block/data_in_min_outd<8>) has an equation that uses input
   pin I3, which no longer has a connected signal. Please ensure that all the
   pins used in the equation for this LUT have signals that are not trimmed (see
   Section 5 of the Map Report File for details on which signals were trimmed).
ERROR:MapLib:978 - LUT4 symbol "comparison_block/mux_5/Mmux_y11" (output
   signal=comparison_block/data_in_max_outd<0>) has an equation that uses input
   pin I3, which no longer has a connected signal. Please ensure that all the
   pins used in the equation for this LUT have signals that are not trimmed (see
   Section 5 of the Map Report File for details on which signals were trimmed).
ERROR:MapLib:978 - LUT4 symbol "comparison_block/mux_5/Mmux_y21" (output
   signal=comparison_block/data_in_max_outd<1>) has an equation that uses input
   pin I3, which no longer has a connected signal. Please ensure that all the
   pins used in the equation for this LUT have signals that are not trimmed (see
   Section 5 of the Map Report File for details on which signals were trimmed).
ERROR:MapLib:978 - LUT4 symbol "comparison_block/mux_5/Mmux_y31" (output
   signal=comparison_block/data_in_max_outd<2>) has an equation that uses input
   pin I3, which no longer has a connected signal. Please ensure that all the
   pins used in the equation for this LUT have signals that are not trimmed (see
   Section 5 of the Map Report File for details on which signals were trimmed).
ERROR:MapLib:978 - LUT4 symbol "comparison_block/mux_5/Mmux_y41" (output
   signal=comparison_block/data_in_max_outd<3>) has an equation that uses input
   pin I3, which no longer has a connected signal. Please ensure that all the
   pins used in the equation for this LUT have signals that are not trimmed (see
   Section 5 of the Map Report File for details on which signals were trimmed).
ERROR:MapLib:978 - LUT4 symbol "comparison_block/mux_5/Mmux_y51" (output
   signal=comparison_block/data_in_max_outd<4>) has an equation that uses input
   pin I3, which no longer has a connected signal. Please ensure that all the
   pins used in the equation for this LUT have signals that are not trimmed (see
   Section 5 of the Map Report File for details on which signals were trimmed).
ERROR:MapLib:978 - LUT4 symbol "comparison_block/mux_5/Mmux_y61" (output
   signal=comparison_block/data_in_max_outd<5>) has an equation that uses input
   pin I3, which no longer has a connected signal. Please ensure that all the
   pins used in the equation for this LUT have signals that are not trimmed (see
   Section 5 of the Map Report File for details on which signals were trimmed).
ERROR:MapLib:978 - LUT4 symbol "comparison_block/mux_5/Mmux_y71" (output
   signal=comparison_block/data_in_max_outd<6>) has an equation that uses input
   pin I3, which no longer has a connected signal. Please ensure that all the
   pins used in the equation for this LUT have signals that are not trimmed (see
   Section 5 of the Map Report File for details on which signals were trimmed).
ERROR:MapLib:978 - LUT4 symbol "comparison_block/mux_5/Mmux_y81" (output
   signal=comparison_block/data_in_max_outd<7>) has an equation that uses input
   pin I3, which no longer has a connected signal. Please ensure that all the
   pins used in the equation for this LUT have signals that are not trimmed (see
   Section 5 of the Map Report File for details on which signals were trimmed).
ERROR:MapLib:978 - LUT4 symbol "comparison_block/mux_5/Mmux_y91" (output
   signal=comparison_block/data_in_max_outd<8>) has an equation that uses input
   pin I3, which no longer has a connected signal. Please ensure that all the
   pins used in the equation for this LUT have signals that are not trimmed (see
   Section 5 of the Map Report File for details on which signals were trimmed).
ERROR:MapLib:978 - LUT4 symbol "comparison_block/mux_6/Mmux_y11" (output
   signal=comparison_block/data_in_max_ind<0>) has an equation that uses input
   pin I3, which no longer has a connected signal. Please ensure that all the
   pins used in the equation for this LUT have signals that are not trimmed (see
   Section 5 of the Map Report File for details on which signals were trimmed).
ERROR:MapLib:978 - LUT4 symbol "comparison_block/mux_6/Mmux_y21" (output
   signal=comparison_block/data_in_max_ind<1>) has an equation that uses input
   pin I3, which no longer has a connected signal. Please ensure that all the
   pins used in the equation for this LUT have signals that are not trimmed (see
   Section 5 of the Map Report File for details on which signals were trimmed).
ERROR:MapLib:978 - LUT4 symbol "comparison_block/mux_6/Mmux_y31" (output
   signal=comparison_block/data_in_max_ind<2>) has an equation that uses input
   pin I3, which no longer has a connected signal. Please ensure that all the
   pins used in the equation for this LUT have signals that are not trimmed (see
   Section 5 of the Map Report File for details on which signals were trimmed).
ERROR:MapLib:978 - LUT4 symbol "comparison_block/mux_6/Mmux_y41" (output
   signal=comparison_block/data_in_max_ind<3>) has an equation that uses input
   pin I3, which no longer has a connected signal. Please ensure that all the
   pins used in the equation for this LUT have signals that are not trimmed (see
   Section 5 of the Map Report File for details on which signals were trimmed).
ERROR:MapLib:978 - LUT4 symbol "comparison_block/mux_6/Mmux_y51" (output
   signal=comparison_block/data_in_max_ind<4>) has an equation that uses input
   pin I3, which no longer has a connected signal. Please ensure that all the
   pins used in the equation for this LUT have signals that are not trimmed (see
   Section 5 of the Map Report File for details on which signals were trimmed).
ERROR:MapLib:978 - LUT4 symbol "comparison_block/mux_6/Mmux_y61" (output
   signal=comparison_block/data_in_max_ind<5>) has an equation that uses input
   pin I3, which no longer has a connected signal. Please ensure that all the
   pins used in the equation for this LUT have signals that are not trimmed (see
   Section 5 of the Map Report File for details on which signals were trimmed).
ERROR:MapLib:978 - LUT4 symbol "comparison_block/mux_6/Mmux_y71" (output
   signal=comparison_block/data_in_max_ind<6>) has an equation that uses input
   pin I3, which no longer has a connected signal. Please ensure that all the
   pins used in the equation for this LUT have signals that are not trimmed (see
   Section 5 of the Map Report File for details on which signals were trimmed).
ERROR:MapLib:978 - LUT4 symbol "comparison_block/mux_6/Mmux_y81" (output
   signal=comparison_block/data_in_max_ind<7>) has an equation that uses input
   pin I3, which no longer has a connected signal. Please ensure that all the
   pins used in the equation for this LUT have signals that are not trimmed (see
   Section 5 of the Map Report File for details on which signals were trimmed).
ERROR:MapLib:978 - LUT4 symbol "comparison_block/mux_6/Mmux_y91" (output
   signal=comparison_block/data_in_max_ind<8>) has an equation that uses input
   pin I3, which no longer has a connected signal. Please ensure that all the
   pins used in the equation for this LUT have signals that are not trimmed (see
   Section 5 of the Map Report File for details on which signals were trimmed).
ERROR:MapLib:978 - LUT4 symbol "comparison_block/mux_7/Mmux_y11" (output
   signal=comparison_block/data_in_min_ind<0>) has an equation that uses input
   pin I3, which no longer has a connected signal. Please ensure that all the
   pins used in the equation for this LUT have signals that are not trimmed (see
   Section 5 of the Map Report File for details on which signals were trimmed).
ERROR:MapLib:978 - LUT4 symbol "comparison_block/mux_7/Mmux_y21" (output
   signal=comparison_block/data_in_min_ind<1>) has an equation that uses input
   pin I3, which no longer has a connected signal. Please ensure that all the
   pins used in the equation for this LUT have signals that are not trimmed (see
   Section 5 of the Map Report File for details on which signals were trimmed).
ERROR:MapLib:978 - LUT4 symbol "comparison_block/mux_7/Mmux_y31" (output
   signal=comparison_block/data_in_min_ind<2>) has an equation that uses input
   pin I3, which no longer has a connected signal. Please ensure that all the
   pins used in the equation for this LUT have signals that are not trimmed (see
   Section 5 of the Map Report File for details on which signals were trimmed).
ERROR:MapLib:978 - LUT4 symbol "comparison_block/mux_7/Mmux_y41" (output
   signal=comparison_block/data_in_min_ind<3>) has an equation that uses input
   pin I3, which no longer has a connected signal. Please ensure that all the
   pins used in the equation for this LUT have signals that are not trimmed (see
   Section 5 of the Map Report File for details on which signals were trimmed).
ERROR:MapLib:978 - LUT4 symbol "comparison_block/mux_7/Mmux_y51" (output
   signal=comparison_block/data_in_min_ind<4>) has an equation that uses input
   pin I3, which no longer has a connected signal. Please ensure that all the
   pins used in the equation for this LUT have signals that are not trimmed (see
   Section 5 of the Map Report File for details on which signals were trimmed).
ERROR:MapLib:978 - LUT4 symbol "comparison_block/mux_7/Mmux_y61" (output
   signal=comparison_block/data_in_min_ind<5>) has an equation that uses input
   pin I3, which no longer has a connected signal. Please ensure that all the
   pins used in the equation for this LUT have signals that are not trimmed (see
   Section 5 of the Map Report File for details on which signals were trimmed).
ERROR:MapLib:978 - LUT4 symbol "comparison_block/mux_7/Mmux_y71" (output
   signal=comparison_block/data_in_min_ind<6>) has an equation that uses input
   pin I3, which no longer has a connected signal. Please ensure that all the
   pins used in the equation for this LUT have signals that are not trimmed (see
   Section 5 of the Map Report File for details on which signals were trimmed).
ERROR:MapLib:978 - LUT4 symbol "comparison_block/mux_7/Mmux_y81" (output
   signal=comparison_block/data_in_min_ind<7>) has an equation that uses input
   pin I3, which no longer has a connected signal. Please ensure that all the
   pins used in the equation for this LUT have signals that are not trimmed (see
   Section 5 of the Map Report File for details on which signals were trimmed).
ERROR:MapLib:978 - LUT4 symbol "comparison_block/mux_7/Mmux_y91" (output
   signal=comparison_block/data_in_min_ind<8>) has an equation that uses input
   pin I3, which no longer has a connected signal. Please ensure that all the
   pins used in the equation for this LUT have signals that are not trimmed (see
   Section 5 of the Map Report File for details on which signals were trimmed).
ERROR:MapLib:978 - LUT6 symbol "comparison_block/mux_out/Mmux_y12_F" (output
   signal=N144) has an equation that uses input pin I5, which no longer has a
   connected signal. Please ensure that all the pins used in the equation for
   this LUT have signals that are not trimmed (see Section 5 of the Map Report
   File for details on which signals were trimmed).
ERROR:MapLib:978 - LUT6 symbol "comparison_block/mux_out/Mmux_y12_G" (output
   signal=N145) has an equation that uses input pin I5, which no longer has a
   connected signal. Please ensure that all the pins used in the equation for
   this LUT have signals that are not trimmed (see Section 5 of the Map Report
   File for details on which signals were trimmed).
ERROR:MapLib:978 - LUT6 symbol "comparison_block/mux_out/Mmux_y23" (output
   signal=data_from_comparison<1>) has an equation that uses input pin I2, which
   no longer has a connected signal. Please ensure that all the pins used in the
   equation for this LUT have signals that are not trimmed (see Section 5 of the
   Map Report File for details on which signals were trimmed).
ERROR:MapLib:978 - LUT6 symbol "comparison_block/mux_out/Mmux_y33" (output
   signal=data_from_comparison<2>) has an equation that uses input pin I2, which
   no longer has a connected signal. Please ensure that all the pins used in the
   equation for this LUT have signals that are not trimmed (see Section 5 of the
   Map Report File for details on which signals were trimmed).
ERROR:MapLib:978 - LUT6 symbol "comparison_block/mux_out/Mmux_y43" (output
   signal=data_from_comparison<3>) has an equation that uses input pin I2, which
   no longer has a connected signal. Please ensure that all the pins used in the
   equation for this LUT have signals that are not trimmed (see Section 5 of the
   Map Report File for details on which signals were trimmed).
ERROR:MapLib:978 - LUT6 symbol "comparison_block/mux_out/Mmux_y53" (output
   signal=data_from_comparison<4>) has an equation that uses input pin I2, which
   no longer has a connected signal. Please ensure that all the pins used in the
   equation for this LUT have signals that are not trimmed (see Section 5 of the
   Map Report File for details on which signals were trimmed).
ERROR:MapLib:978 - LUT6 symbol "comparison_block/mux_out/Mmux_y63" (output
   signal=data_from_comparison<5>) has an equation that uses input pin I2, which
   no longer has a connected signal. Please ensure that all the pins used in the
   equation for this LUT have signals that are not trimmed (see Section 5 of the
   Map Report File for details on which signals were trimmed).
ERROR:MapLib:978 - LUT6 symbol "comparison_block/mux_out/Mmux_y73" (output
   signal=data_from_comparison<6>) has an equation that uses input pin I2, which
   no longer has a connected signal. Please ensure that all the pins used in the
   equation for this LUT have signals that are not trimmed (see Section 5 of the
   Map Report File for details on which signals were trimmed).
ERROR:MapLib:978 - LUT6 symbol "comparison_block/mux_out/Mmux_y83" (output
   signal=data_from_comparison<7>) has an equation that uses input pin I2, which
   no longer has a connected signal. Please ensure that all the pins used in the
   equation for this LUT have signals that are not trimmed (see Section 5 of the
   Map Report File for details on which signals were trimmed).
ERROR:MapLib:978 - LUT6 symbol "comparison_block/mux_out/Mmux_y93" (output
   signal=data_from_comparison<8>) has an equation that uses input pin I2, which
   no longer has a connected signal. Please ensure that all the pins used in the
   equation for this LUT have signals that are not trimmed (see Section 5 of the
   Map Report File for details on which signals were trimmed).
ERROR:MapLib:978 - LUT5 symbol "cu/curr_state_FSM_FFd1-In1" (output
   signal=cu/curr_state_FSM_FFd1-In) has an equation that uses input pin I4,
   which no longer has a connected signal. Please ensure that all the pins used
   in the equation for this LUT have signals that are not trimmed (see Section 5
   of the Map Report File for details on which signals were trimmed).
ERROR:MapLib:978 - LUT6 symbol "cu/curr_state_FSM_FFd2-In1" (output
   signal=cu/curr_state_FSM_FFd2-In) has an equation that uses input pin I5,
   which no longer has a connected signal. Please ensure that all the pins used
   in the equation for this LUT have signals that are not trimmed (see Section 5
   of the Map Report File for details on which signals were trimmed).
ERROR:MapLib:978 - LUT6 symbol "cu/curr_state_FSM_FFd3-In2" (output
   signal=cu/curr_state_FSM_FFd3-In) has an equation that uses input pin I2,
   which no longer has a connected signal. Please ensure that all the pins used
   in the equation for this LUT have signals that are not trimmed (see Section 5
   of the Map Report File for details on which signals were trimmed).

Error found in mapping process, exiting...
Errors found during the mapping phase.  Please see map report file for more
details.  Output files will not be written.

Design Summary
--------------
Number of errors   : 132
Number of warnings :   3
